Archive member included because of file (symbol)

/Applications/SimplicityStudio_v3/developer/toolchains/gnu_arm/4.8_2013q4/bin/../lib/gcc/arm-none-eabi/4.8.3/armv7-m/libgcc.a(_arm_addsubdf3.o)
                              ./src/noise.o (__aeabi_dsub)
/Applications/SimplicityStudio_v3/developer/toolchains/gnu_arm/4.8_2013q4/bin/../lib/gcc/arm-none-eabi/4.8.3/armv7-m/libgcc.a(_arm_muldivdf3.o)
                              ./src/noise.o (__aeabi_dmul)
/Applications/SimplicityStudio_v3/developer/toolchains/gnu_arm/4.8_2013q4/bin/../lib/gcc/arm-none-eabi/4.8.3/armv7-m/libgcc.a(_arm_cmpdf2.o)
                              ./src/noise.o (__aeabi_dcmplt)
/Applications/SimplicityStudio_v3/developer/toolchains/gnu_arm/4.8_2013q4/bin/../lib/gcc/arm-none-eabi/4.8.3/armv7-m/libgcc.a(_arm_fixdfsi.o)
                              ./src/noise.o (__aeabi_d2iz)
/Applications/SimplicityStudio_v3/developer/toolchains/gnu_arm/4.8_2013q4/bin/../lib/gcc/arm-none-eabi/4.8.3/armv7-m/libgcc.a(_arm_truncdfsf2.o)
                              ./src/mpu9250.o (__aeabi_d2f)
/Applications/SimplicityStudio_v3/developer/toolchains/gnu_arm/4.8_2013q4/bin/../lib/gcc/arm-none-eabi/4.8.3/armv7-m/libgcc.a(_arm_addsubsf3.o)
                              ./src/adp8866.o (__aeabi_fsub)
/Applications/SimplicityStudio_v3/developer/toolchains/gnu_arm/4.8_2013q4/bin/../lib/gcc/arm-none-eabi/4.8.3/armv7-m/libgcc.a(_arm_muldivsf3.o)
                              ./src/adp8866.o (__aeabi_fmul)
/Applications/SimplicityStudio_v3/developer/toolchains/gnu_arm/4.8_2013q4/bin/../lib/gcc/arm-none-eabi/4.8.3/armv7-m/libgcc.a(_arm_cmpsf2.o)
                              ./src/adp8866.o (__aeabi_fcmpeq)
/Applications/SimplicityStudio_v3/developer/toolchains/gnu_arm/4.8_2013q4/bin/../lib/gcc/arm-none-eabi/4.8.3/armv7-m/libgcc.a(_arm_fixsfsi.o)
                              ./src/adp8866.o (__aeabi_f2iz)
/Applications/SimplicityStudio_v3/developer/toolchains/gnu_arm/4.8_2013q4/bin/../lib/gcc/arm-none-eabi/4.8.3/armv7-m/libgcc.a(_arm_fixunssfsi.o)
                              ./src/adp8866.o (__aeabi_f2uiz)
/Applications/SimplicityStudio_v3/developer/toolchains/gnu_arm/4.8_2013q4/bin/../lib/gcc/arm-none-eabi/4.8.3/armv7-m/libgcc.a(_aeabi_ldivmod.o)
                              ./src/noise.o (__aeabi_ldivmod)
/Applications/SimplicityStudio_v3/developer/toolchains/gnu_arm/4.8_2013q4/bin/../lib/gcc/arm-none-eabi/4.8.3/armv7-m/libgcc.a(_aeabi_uldivmod.o)
                              ./Drivers/rtcdriver.o (__aeabi_uldivmod)
/Applications/SimplicityStudio_v3/developer/toolchains/gnu_arm/4.8_2013q4/bin/../lib/gcc/arm-none-eabi/4.8.3/armv7-m/libgcc.a(bpabi.o)
                              /Applications/SimplicityStudio_v3/developer/toolchains/gnu_arm/4.8_2013q4/bin/../lib/gcc/arm-none-eabi/4.8.3/armv7-m/libgcc.a(_aeabi_ldivmod.o) (__gnu_ldivmod_helper)
/Applications/SimplicityStudio_v3/developer/toolchains/gnu_arm/4.8_2013q4/bin/../lib/gcc/arm-none-eabi/4.8.3/armv7-m/libgcc.a(_dvmd_tls.o)
                              /Applications/SimplicityStudio_v3/developer/toolchains/gnu_arm/4.8_2013q4/bin/../lib/gcc/arm-none-eabi/4.8.3/armv7-m/libgcc.a(_aeabi_ldivmod.o) (__aeabi_ldiv0)
/Applications/SimplicityStudio_v3/developer/toolchains/gnu_arm/4.8_2013q4/bin/../lib/gcc/arm-none-eabi/4.8.3/armv7-m/libgcc.a(_divdi3.o)
                              /Applications/SimplicityStudio_v3/developer/toolchains/gnu_arm/4.8_2013q4/bin/../lib/gcc/arm-none-eabi/4.8.3/armv7-m/libgcc.a(bpabi.o) (__divdi3)
/Applications/SimplicityStudio_v3/developer/toolchains/gnu_arm/4.8_2013q4/bin/../lib/gcc/arm-none-eabi/4.8.3/armv7-m/libgcc.a(_udivdi3.o)
                              /Applications/SimplicityStudio_v3/developer/toolchains/gnu_arm/4.8_2013q4/bin/../lib/gcc/arm-none-eabi/4.8.3/armv7-m/libgcc.a(bpabi.o) (__udivdi3)
/Applications/SimplicityStudio_v3/developer/toolchains/gnu_arm/4.8_2013q4/bin/../lib/gcc/arm-none-eabi/4.8.3/../../../../arm-none-eabi/lib/armv7-m/libc_s.a(lib_a-abs.o)
                              ./Drivers/segmentlcd.o (abs)
/Applications/SimplicityStudio_v3/developer/toolchains/gnu_arm/4.8_2013q4/bin/../lib/gcc/arm-none-eabi/4.8.3/../../../../arm-none-eabi/lib/armv7-m/libc_s.a(lib_a-exit.o)
                              /Applications/SimplicityStudio_v3/developer/toolchains/gnu_arm/4.8_2013q4/bin/../lib/gcc/arm-none-eabi/4.8.3/../../../../arm-none-eabi/lib/armv7-m/crt0.o (exit)
/Applications/SimplicityStudio_v3/developer/toolchains/gnu_arm/4.8_2013q4/bin/../lib/gcc/arm-none-eabi/4.8.3/../../../../arm-none-eabi/lib/armv7-m/libc_s.a(lib_a-impure.o)
                              /Applications/SimplicityStudio_v3/developer/toolchains/gnu_arm/4.8_2013q4/bin/../lib/gcc/arm-none-eabi/4.8.3/../../../../arm-none-eabi/lib/armv7-m/libc_s.a(lib_a-exit.o) (_global_impure_ptr)
/Applications/SimplicityStudio_v3/developer/toolchains/gnu_arm/4.8_2013q4/bin/../lib/gcc/arm-none-eabi/4.8.3/../../../../arm-none-eabi/lib/armv7-m/libc_s.a(lib_a-init.o)
[...]
Memory Configuration

Name             Origin             Length             Attributes
FLASH            0x0000000000000000 0x0000000000008000 xr
RAM              0x0000000020000000 0x0000000000001000 xrw
*default*        0x0000000000000000 0xffffffffffffffff

Linker script and memory map

LOAD /Applications/SimplicityStudio_v3/developer/toolchains/gnu_arm/4.8_2013q4/bin/../lib/gcc/arm-none-eabi/4.8.3/armv7-m/crti.o
LOAD /Applications/SimplicityStudio_v3/developer/toolchains/gnu_arm/4.8_2013q4/bin/../lib/gcc/arm-none-eabi/4.8.3/armv7-m/crtbegin.o
LOAD /Applications/SimplicityStudio_v3/developer/toolchains/gnu_arm/4.8_2013q4/bin/../lib/gcc/arm-none-eabi/4.8.3/../../../../arm-none-eabi/lib/armv7-m/crt0.o
LOAD ./src/InitDevice.o
LOAD ./src/adp8866.o
LOAD ./src/device_utils.o
LOAD ./src/gpiosManager.o
LOAD ./src/i2c.o
LOAD ./src/main.o
LOAD ./src/mpu9250.o
LOAD ./src/noise.o
LOAD ./src/si7021.o
LOAD ./src/stc3105.o
LOAD ./src/stc3115.o
LOAD ./src/time_utils.o
LOAD ./emlib/em_adc.o
LOAD ./emlib/em_assert.o
LOAD ./emlib/em_cmu.o
LOAD ./emlib/em_emu.o
LOAD ./emlib/em_gpio.o
LOAD ./emlib/em_i2c.o
LOAD ./emlib/em_int.o
LOAD ./emlib/em_lcd.o
LOAD ./emlib/em_rtc.o
LOAD ./emlib/em_system.o
LOAD ./emlib/em_timer.o
LOAD ./emlib/em_vcmp.o
LOAD ./emlib/gpiointerrupt.o
LOAD ./Drivers/i2cspm.o
LOAD ./Drivers/rtcdriver.o
LOAD ./Drivers/segmentlcd.o
LOAD ./Drivers/si1147_i2c.o
LOAD ./Drivers/si114x_algorithm.o
LOAD ./Drivers/si114x_functions.o
LOAD ./Drivers/si7013.o
LOAD ./Drivers/vddcheck.o
LOAD ./CMSIS/efm32tg/startup_efm32tg.o
LOAD ./CMSIS/efm32tg/system_efm32tg.o
LOAD ./BSP/bsp_trace.o
START GROUP
LOAD /Applications/SimplicityStudio_v3/developer/toolchains/gnu_arm/4.8_2013q4/bin/../lib/gcc/arm-none-eabi/4.8.3/armv7-m/libgcc.a
LOAD /Applications/SimplicityStudio_v3/developer/toolchains/gnu_arm/4.8_2013q4/bin/../lib/gcc/arm-none-eabi/4.8.3/../../../../arm-none-eabi/lib/armv7-m/libc_s.a
LOAD /Applications/SimplicityStudio_v3/developer/toolchains/gnu_arm/4.8_2013q4/bin/../lib/gcc/arm-none-eabi/4.8.3/../../../../arm-none-eabi/lib/armv7-m/libnosys.a
END GROUP
START GROUP
LOAD /Applications/SimplicityStudio_v3/developer/toolchains/gnu_arm/4.8_2013q4/bin/../lib/gcc/arm-none-eabi/4.8.3/armv7-m/libgcc.a
LOAD /Applications/SimplicityStudio_v3/developer/toolchains/gnu_arm/4.8_2013q4/bin/../lib/gcc/arm-none-eabi/4.8.3/../../../../arm-none-eabi/lib/armv7-m/libg_s.a
LOAD /Applications/SimplicityStudio_v3/developer/toolchains/gnu_arm/4.8_2013q4/bin/../lib/gcc/arm-none-eabi/4.8.3/../../../../arm-none-eabi/lib/armv7-m/libc_s.a
END GROUP
START GROUP
LOAD /Applications/SimplicityStudio_v3/developer/toolchains/gnu_arm/4.8_2013q4/bin/../lib/gcc/arm-none-eabi/4.8.3/armv7-m/libgcc.a
LOAD /Applications/SimplicityStudio_v3/developer/toolchains/gnu_arm/4.8_2013q4/bin/../lib/gcc/arm-none-eabi/4.8.3/../../../../arm-none-eabi/lib/armv7-m/libc_s.a
END GROUP
LOAD /Applications/SimplicityStudio_v3/developer/toolchains/gnu_arm/4.8_2013q4/bin/../lib/gcc/arm-none-eabi/4.8.3/armv7-m/crtend.o
LOAD /Applications/SimplicityStudio_v3/developer/toolchains/gnu_arm/4.8_2013q4/bin/../lib/gcc/arm-none-eabi/4.8.3/armv7-m/crtn.o

.text           0x0000000000000000     0x3b8c
 *(.vectors)
 .vectors       0x0000000000000000       0x9c ./CMSIS/efm32tg/startup_efm32tg.o
                0x0000000000000000                __Vectors
                0x000000000000009c                __Vectors_End = .
                0x000000000000009c                __Vectors_Size = (__Vectors_End - __Vectors)
                0x000000000000009c                __end__ = .
 *(.text*)
 .text          0x000000000000009c       0x54 /Applications/SimplicityStudio_v3/developer/toolchains/gnu_arm/4.8_2013q4/bin/../lib/gcc/arm-none-eabi/4.8.3/armv7-m/crtbegin.o
 .text          0x00000000000000f0       0x74 /Applications/SimplicityStudio_v3/developer/toolchains/gnu_arm/4.8_2013q4/bin/../lib/gcc/arm-none-eabi/4.8.3/../../../../arm-none-eabi/lib/armv7-m/crt0.o
                0x00000000000000f0                _mainCRTStartup
                0x00000000000000f0                _start
 .text.adp8866_initMDCR
                0x0000000000000164        0xa ./src/adp8866.o
                0x0000000000000164                adp8866_initMDCR
 .text.adp8866_initLevels
                0x000000000000016e       0x2e ./src/adp8866.o
                0x000000000000016e                adp8866_initLevels
 .text.adp8866_initPwrSource
                0x000000000000019c       0x1e ./src/adp8866.o
                0x000000000000019c                adp8866_initPwrSource
 .text.adp8866_initCfr
                0x00000000000001ba       0x1e ./src/adp8866.o
                0x00000000000001ba                adp8866_initCfr
 .text.adp8866_initfadeRates
                0x00000000000001d8        0xa ./src/adp8866.o
                0x00000000000001d8                adp8866_initfadeRates
 .text.adp8866_initFadeBLCurrent
                0x00000000000001e2        0xa ./src/adp8866.o
                0x00000000000001e2                adp8866_initFadeBLCurrent
 .text.adp8866_initInterrupts
                0x00000000000001ec        0xa ./src/adp8866.o
                0x00000000000001ec                adp8866_initInterrupts
 .text.adp8866_getDeviceID
                0x00000000000001f6        0x8 ./src/adp8866.o
                0x00000000000001f6                adp8866_getDeviceID
 .text.adp8866_testConnection
                0x00000000000001fe       0x10 ./src/adp8866.o
                0x00000000000001fe                adp8866_testConnection
 .text.adp8866_getChannelState
                0x000000000000020e       0x12 ./src/adp8866.o
                0x000000000000020e                adp8866_getChannelState
 .text.adp8866_getInterruptState
                0x0000000000000220        0x8 ./src/adp8866.o
                0x0000000000000220                adp8866_getInterruptState
 .text.adp8866_processInterrupt
                0x0000000000000228       0x30 ./src/adp8866.o
                0x0000000000000228                adp8866_processInterrupt
 .text.adp8866_set_brightness
                0x0000000000000258       0x3c ./src/adp8866.o
                0x0000000000000258                adp8866_set_brightness
 .text.adp8866_set_led_rgb
                0x0000000000000294       0x34 ./src/adp8866.o
                0x0000000000000294                adp8866_set_led_rgb
 .text.adp8866_set_all_black
                0x00000000000002c8       0x2c ./src/adp8866.o
                0x00000000000002c8                adp8866_set_all_black
 .text.adp8866_initLeds
                0x00000000000002f4       0x24 ./src/adp8866.o
                0x00000000000002f4                adp8866_initLeds
 .text.adp8866_initialize
                0x0000000000000318       0x58 ./src/adp8866.o
                0x0000000000000318                adp8866_initialize
 .text.adp8866_set_led_red
                0x0000000000000370       0x1e ./src/adp8866.o
                0x0000000000000370                adp8866_set_led_red
 .text.adp8866_set_led_blue
                0x000000000000038e       0x1e ./src/adp8866.o
                0x000000000000038e                adp8866_set_led_blue
 .text.adp8866_set_led_green
                0x00000000000003ac       0x1e ./src/adp8866.o
                0x00000000000003ac                adp8866_set_led_green
 .text.ifloor   0x00000000000003ca       0x30 ./src/adp8866.o
                0x00000000000003ca                ifloor
 *fill*         0x00000000000003fa        0x2 
 .text.hsv2rgb  0x00000000000003fc      0x128 ./src/adp8866.o
                0x00000000000003fc                hsv2rgb
 .text.initFirmwareUtils
                0x0000000000000524       0x88 ./src/device_utils.o
                0x0000000000000524                initFirmwareUtils
 .text.getFirmwareVersion
                0x00000000000005ac        0xc ./src/device_utils.o
                0x00000000000005ac                getFirmwareVersion
 .text.stc_testConnection
                0x00000000000005b8       0x14 ./src/device_utils.o
                0x00000000000005b8                stc_testConnection
 .text.stc_initialize
                0x00000000000005cc       0x14 ./src/device_utils.o
                0x00000000000005cc                stc_initialize
 .text.stc_readVoltage
                0x00000000000005e0       0x14 ./src/device_utils.o
                0x00000000000005e0                stc_readVoltage
 .text.enableBatteryCharger
                0x00000000000005f4       0x18 ./src/device_utils.o
                0x00000000000005f4                enableBatteryCharger
 .text.startDevice
                0x000000000000060c       0x16 ./src/device_utils.o
                0x000000000000060c                startDevice
 *fill*         0x0000000000000622        0x2 
 .text.initGpios
                0x0000000000000624      0x128 ./src/gpiosManager.o
                0x0000000000000624                initGpios
 *fill*         0x000000000000074c        0x4 
 .text.updateColor
                0x0000000000000750       0x88 ./src/gpiosManager.o
                0x0000000000000750                updateColor
 .text.resetModules
                0x00000000000007d8       0x2c ./src/gpiosManager.o
                0x00000000000007d8                resetModules
 .text.switchTogglePower
                0x0000000000000804       0x48 ./src/gpiosManager.o
                0x0000000000000804                switchTogglePower
 .text.gpioCallback
                0x000000000000084c       0x78 ./src/gpiosManager.o
                0x000000000000084c                gpioCallback
 .text.setupI2C
                0x00000000000008c4       0x3c ./src/i2c.o
                0x00000000000008c4                setupI2C
 .text.testI2C  0x0000000000000900       0xa4 ./src/i2c.o
                0x0000000000000900                testI2C
 .text.processI2C
                0x00000000000009a4       0x3c ./src/i2c.o
                0x00000000000009a4                processI2C
 .text.writeI2C
                0x00000000000009e0       0x48 ./src/i2c.o
                0x00000000000009e0                writeI2C
 .text.readI2C  0x0000000000000a28       0x50 ./src/i2c.o
                0x0000000000000a28                readI2C
 .text.writeI2C_1Byte
                0x0000000000000a78       0x2a ./src/i2c.o
                0x0000000000000a78                writeI2C_1Byte
 .text.readI2C_1Byte
                0x0000000000000aa2       0x3a ./src/i2c.o
                0x0000000000000aa2                readI2C_1Byte
 .text.initializeSystem
                0x0000000000000adc       0x30 ./src/main.o
                0x0000000000000adc                initializeSystem
 .text.startup.main
                0x0000000000000b0c        0xc ./src/main.o
                0x0000000000000b0c                main
 .text.mpu9250_getDeviceID
                0x0000000000000b18        0x8 ./src/mpu9250.o
                0x0000000000000b18                mpu9250_getDeviceID
 .text.mpu9250_testConnection
                0x0000000000000b20       0x10 ./src/mpu9250.o
                0x0000000000000b20                mpu9250_testConnection
 .text.mpu9250_processInterrupt
                0x0000000000000b30        0x2 ./src/mpu9250.o
                0x0000000000000b30                mpu9250_processInterrupt
 .text.mpu9250_wakeOnMotionConfiguration
                0x0000000000000b32       0x7e ./src/mpu9250.o
                0x0000000000000b32                mpu9250_wakeOnMotionConfiguration
 .text.mpu9250_initialize
                0x0000000000000bb0        0x4 ./src/mpu9250.o
                0x0000000000000bb0                mpu9250_initialize
 .text.fastFloor
                0x0000000000000bb4       0x26 ./src/noise.o
 *fill*         0x0000000000000bda        0x2 
 .text.extrapolate2.isra.0
                0x0000000000000bdc       0x4c ./src/noise.o
 .text.allocate_perm.constprop.2
                0x0000000000000c28       0x3c ./src/noise.o
 *fill*         0x0000000000000c64        0x4 
 .text.open_simplex_noise
                0x0000000000000c68      0x160 ./src/noise.o
                0x0000000000000c68                open_simplex_noise
 .text.initializeNoise
                0x0000000000000dc8       0x18 ./src/noise.o
                0x0000000000000dc8                initializeNoise
 .text.open_simplex_noise2
                0x0000000000000de0      0x588 ./src/noise.o
                0x0000000000000de0                open_simplex_noise2
 .text.getNoise1D
                0x0000000000001368       0x20 ./src/noise.o
                0x0000000000001368                getNoise1D
 .text.getNoise128
                0x0000000000001388       0x34 ./src/noise.o
                0x0000000000001388                getNoise128
 .text.si7021_getFirmwareRevision
                0x00000000000013bc       0x44 ./src/si7021.o
                0x00000000000013bc                si7021_getFirmwareRevision
 .text.si7201_testConnection
                0x0000000000001400       0x10 ./src/si7021.o
                0x0000000000001400                si7201_testConnection
 .text.si7021_getCelsiusHundredths
                0x0000000000001410       0x50 ./src/si7021.o
                0x0000000000001410                si7021_getCelsiusHundredths
 .text.si7021_getTempCelsius
                0x0000000000001460       0x18 ./src/si7021.o
                0x0000000000001460                si7021_getTempCelsius
 .text.si7021_checkTemperature
                0x0000000000001478       0x4c ./src/si7021.o
                0x0000000000001478                si7021_checkTemperature
 .text.stc3105_registerID
                0x00000000000014c4        0x8 ./src/stc3105.o
                0x00000000000014c4                stc3105_registerID
 .text.stc3105_testConnection
                0x00000000000014cc       0x10 ./src/stc3105.o
                0x00000000000014cc                stc3105_testConnection
 .text.stc3105_enableOperatingMode
                0x00000000000014dc       0x30 ./src/stc3105.o
                0x00000000000014dc                stc3105_enableOperatingMode
 .text.stc3105_initialize
                0x000000000000150c       0x18 ./src/stc3105.o
                0x000000000000150c                stc3105_initialize
 *fill*         0x0000000000001524        0x4 
 .text.stc3105_readVoltage
                0x0000000000001528       0x68 ./src/stc3105.o
                0x0000000000001528                stc3105_readVoltage
 .text.stc3115_registerID
                0x0000000000001590        0x8 ./src/stc3115.o
                0x0000000000001590                stc3115_registerID
 .text.stc3115_testConnection
                0x0000000000001598       0x10 ./src/stc3115.o
                0x0000000000001598                stc3115_testConnection
 .text.stc3115_enableOperatingMode
                0x00000000000015a8       0x30 ./src/stc3115.o
                0x00000000000015a8                stc3115_enableOperatingMode
 .text.stc3115_initialize
                0x00000000000015d8       0x18 ./src/stc3115.o
                0x00000000000015d8                stc3115_initialize
 .text.stc3115_readVoltage
                0x00000000000015f0       0x68 ./src/stc3115.o
                0x00000000000015f0                stc3115_readVoltage
 .text.Delay3   0x0000000000001658        0x2 ./src/time_utils.o
                0x0000000000001658                Delay3
 *fill*         0x000000000000165a        0x6 
 .text.TIMER0_IRQHandler
                0x0000000000001660       0x58 ./src/time_utils.o
                0x0000000000001660                TIMER0_IRQHandler
 .text.SysTick_Handler
                0x00000000000016b8       0x10 ./src/time_utils.o
                0x00000000000016b8                SysTick_Handler
 .text.Delay    0x00000000000016c8       0x14 ./src/time_utils.o
                0x00000000000016c8                Delay
 .text.startTimer
                0x00000000000016dc       0x1c ./src/time_utils.o
                0x00000000000016dc                startTimer
 .text.initTime
                0x00000000000016f8       0x84 ./src/time_utils.o
                0x00000000000016f8                initTime
 .text.auxClkGet
                0x000000000000177c       0x84 ./emlib/em_cmu.o
 .text.syncReg  0x0000000000001800       0x14 ./emlib/em_cmu.o
 .text.CMU_ClockEnable
                0x0000000000001814       0x70 ./emlib/em_cmu.o
                0x0000000000001814                CMU_ClockEnable
 .text.CMU_ClockSelectGet
                0x0000000000001884       0x98 ./emlib/em_cmu.o
                0x0000000000001884                CMU_ClockSelectGet
 .text.lfClkGet
                0x000000000000191c       0x80 ./emlib/em_cmu.o
 .text.CMU_ClockFreqGet
                0x000000000000199c      0x120 ./emlib/em_cmu.o
                0x000000000000199c                CMU_ClockFreqGet
 .text.GPIO_ExtIntConfig
                0x0000000000001abc       0x60 ./emlib/em_gpio.o
                0x0000000000001abc                GPIO_ExtIntConfig
 .text.GPIO_PinModeSet
                0x0000000000001b1c       0x88 ./emlib/em_gpio.o
                0x0000000000001b1c                GPIO_PinModeSet
 .text.I2C_BusFreqSet
                0x0000000000001ba4       0x54 ./emlib/em_i2c.o
                0x0000000000001ba4                I2C_BusFreqSet
 .text.I2C_Init
                0x0000000000001bf8       0x30 ./emlib/em_i2c.o
                0x0000000000001bf8                I2C_Init
 .text.I2C_Transfer
                0x0000000000001c28      0x264 ./emlib/em_i2c.o
                0x0000000000001c28                I2C_Transfer
 .text.I2C_TransferInit
                0x0000000000001e8c       0x64 ./emlib/em_i2c.o
                0x0000000000001e8c                I2C_TransferInit
 .text.RTC_CompareGet
                0x0000000000001ef0       0x1c ./emlib/em_rtc.o
                0x0000000000001ef0                RTC_CompareGet
 .text.RTC_CompareSet
                0x0000000000001f0c       0x1c ./emlib/em_rtc.o
                0x0000000000001f0c                RTC_CompareSet
 .text.TIMER_Init
                0x0000000000001f28       0x8c ./emlib/em_timer.o
                0x0000000000001f28                TIMER_Init
 .text.GPIOINT_IRQDispatcher
                0x0000000000001fb4       0x2c ./emlib/gpiointerrupt.o
 .text.GPIOINT_Init
                0x0000000000001fe0       0x1c ./emlib/gpiointerrupt.o
                0x0000000000001fe0                GPIOINT_Init
 .text.GPIOINT_CallbackRegister
                0x0000000000001ffc       0x30 ./emlib/gpiointerrupt.o
                0x0000000000001ffc                GPIOINT_CallbackRegister
 .text.GPIO_EVEN_IRQHandler
                0x000000000000202c       0x24 ./emlib/gpiointerrupt.o
                0x000000000000202c                GPIO_EVEN_IRQHandler
 .text.GPIO_ODD_IRQHandler
                0x0000000000002050       0x24 ./emlib/gpiointerrupt.o
                0x0000000000002050                GPIO_ODD_IRQHandler
 .text.INT_Disable
                0x0000000000002074       0x18 ./Drivers/rtcdriver.o
 .text.INT_Enable
                0x000000000000208c       0x14 ./Drivers/rtcdriver.o
 .text.checkAllTimers
                0x00000000000020a0       0x90 ./Drivers/rtcdriver.o
 .text.executeTimerCallbacks
                0x0000000000002130       0x24 ./Drivers/rtcdriver.o
 .text.rescheduleRtc
                0x0000000000002154       0x98 ./Drivers/rtcdriver.o
 .text.RTC_IRQHandler
                0x00000000000021ec       0x78 ./Drivers/rtcdriver.o
                0x00000000000021ec                RTC_IRQHandler
 .text          0x0000000000002264       0x30 ./CMSIS/efm32tg/startup_efm32tg.o
                0x0000000000002264                Reset_Handler
                0x0000000000002290                USART0_TX_IRQHandler
                0x0000000000002290                I2C0_IRQHandler
                0x0000000000002290                HardFault_Handler
                0x0000000000002290                USART1_RX_IRQHandler
                0x0000000000002290                PendSV_Handler
                0x0000000000002290                NMI_Handler
                0x0000000000002290                USART1_TX_IRQHandler
                0x0000000000002290                MSC_IRQHandler
                0x0000000000002290                ADC0_IRQHandler
                0x0000000000002290                UsageFault_Handler
                0x0000000000002290                LEUART0_IRQHandler
                0x0000000000002290                LCD_IRQHandler
                0x0000000000002290                LETIMER0_IRQHandler
                0x0000000000002290                TIMER1_IRQHandler
                0x0000000000002290                Default_Handler
                0x0000000000002290                PCNT0_IRQHandler
                0x0000000000002290                ACMP0_IRQHandler
                0x0000000000002290                USART0_RX_IRQHandler
                0x0000000000002290                MemManage_Handler
                0x0000000000002290                SVC_Handler
                0x0000000000002290                DAC0_IRQHandler
                0x0000000000002290                CMU_IRQHandler
                0x0000000000002290                LESENSE_IRQHandler
                0x0000000000002290                AES_IRQHandler
                0x0000000000002290                VCMP_IRQHandler
                0x0000000000002290                DMA_IRQHandler
                0x0000000000002290                DebugMon_Handler
                0x0000000000002290                BusFault_Handler
 .text.SystemHFClockGet
                0x0000000000002294       0xb4 ./CMSIS/efm32tg/system_efm32tg.o
                0x0000000000002294                SystemHFClockGet
 .text.SystemCoreClockGet
                0x0000000000002348       0x20 ./CMSIS/efm32tg/system_efm32tg.o
                0x0000000000002348                SystemCoreClockGet
 .text.SystemInit
                0x0000000000002368        0x2 ./CMSIS/efm32tg/system_efm32tg.o
                0x0000000000002368                SystemInit
 .text.SystemLFRCOClockGet
                0x000000000000236a        0x6 ./CMSIS/efm32tg/system_efm32tg.o
                0x000000000000236a                SystemLFRCOClockGet
 .text.SystemULFRCOClockGet
                0x0000000000002370        0x6 ./CMSIS/efm32tg/system_efm32tg.o
                0x0000000000002370                SystemULFRCOClockGet
 *fill*         0x0000000000002376        0x2 
 .text.SystemLFXOClockGet
                0x0000000000002378        0xc ./CMSIS/efm32tg/system_efm32tg.o
                0x0000000000002378                SystemLFXOClockGet
 .text          0x0000000000002384      0x370 /Applications/SimplicityStudio_v3/developer/toolchains/gnu_arm/4.8_2013q4/bin/../lib/gcc/arm-none-eabi/4.8.3/armv7-m/libgcc.a(_arm_addsubdf3.o)
                0x0000000000002384                __aeabi_drsub
                0x000000000000238c                __subdf3
                0x000000000000238c                __aeabi_dsub
                0x0000000000002390                __aeabi_dadd
                0x0000000000002390                __adddf3
                0x0000000000002608                __aeabi_ui2d
                0x0000000000002608                __floatunsidf
                0x0000000000002628                __floatsidf
                0x0000000000002628                __aeabi_i2d
                0x000000000000264c                __extendsfdf2
                0x000000000000264c                __aeabi_f2d
                0x0000000000002688                __aeabi_ul2d
                0x0000000000002688                __floatundidf
                0x0000000000002698                __aeabi_l2d
                0x0000000000002698                __floatdidf
 .text          0x00000000000026f4      0x424 /Applications/SimplicityStudio_v3/developer/toolchains/gnu_arm/4.8_2013q4/bin/../lib/gcc/arm-none-eabi/4.8.3/armv7-m/libgcc.a(_arm_muldivdf3.o)
                0x00000000000026f4                __aeabi_dmul
                0x00000000000026f4                __muldf3
                0x0000000000002948                __aeabi_ddiv
                0x0000000000002948                __divdf3
 .text          0x0000000000002b18      0x110 /Applications/SimplicityStudio_v3/developer/toolchains/gnu_arm/4.8_2013q4/bin/../lib/gcc/arm-none-eabi/4.8.3/armv7-m/libgcc.a(_arm_cmpdf2.o)
                0x0000000000002b18                __gtdf2
                0x0000000000002b18                __gedf2
                0x0000000000002b20                __ltdf2
                0x0000000000002b20                __ledf2
                0x0000000000002b28                __eqdf2
                0x0000000000002b28                __nedf2
                0x0000000000002b28                __cmpdf2
                0x0000000000002ba4                __aeabi_cdrcmple
                0x0000000000002bb4                __aeabi_cdcmple
                0x0000000000002bb4                __aeabi_cdcmpeq
                0x0000000000002bc4                __aeabi_dcmpeq
                0x0000000000002bd8                __aeabi_dcmplt
                0x0000000000002bec                __aeabi_dcmple
                0x0000000000002c00                __aeabi_dcmpge
                0x0000000000002c14                __aeabi_dcmpgt
 .text          0x0000000000002c28       0x50 /Applications/SimplicityStudio_v3/developer/toolchains/gnu_arm/4.8_2013q4/bin/../lib/gcc/arm-none-eabi/4.8.3/armv7-m/libgcc.a(_arm_fixdfsi.o)
                0x0000000000002c28                __fixdfsi
                0x0000000000002c28                __aeabi_d2iz
 .text          0x0000000000002c78       0xa0 /Applications/SimplicityStudio_v3/developer/toolchains/gnu_arm/4.8_2013q4/bin/../lib/gcc/arm-none-eabi/4.8.3/armv7-m/libgcc.a(_arm_truncdfsf2.o)
                0x0000000000002c78                __aeabi_d2f
                0x0000000000002c78                __truncdfsf2
 .text          0x0000000000002d18      0x21c /Applications/SimplicityStudio_v3/developer/toolchains/gnu_arm/4.8_2013q4/bin/../lib/gcc/arm-none-eabi/4.8.3/armv7-m/libgcc.a(_arm_addsubsf3.o)
                0x0000000000002d18                __aeabi_frsub
                0x0000000000002d20                __aeabi_fsub
                0x0000000000002d20                __subsf3
                0x0000000000002d24                __aeabi_fadd
                0x0000000000002d24                __addsf3
                0x0000000000002e84                __aeabi_ui2f
                0x0000000000002e84                __floatunsisf
                0x0000000000002e8c                __floatsisf
                0x0000000000002e8c                __aeabi_i2f
                0x0000000000002ea8                __aeabi_ul2f
                0x0000000000002ea8                __floatundisf
                0x0000000000002eb8                __aeabi_l2f
                0x0000000000002eb8                __floatdisf
 .text          0x0000000000002f34      0x2a0 /Applications/SimplicityStudio_v3/developer/toolchains/gnu_arm/4.8_2013q4/bin/../lib/gcc/arm-none-eabi/4.8.3/armv7-m/libgcc.a(_arm_muldivsf3.o)
                0x0000000000002f34                __mulsf3
                0x0000000000002f34                __aeabi_fmul
                0x000000000000309c                __divsf3
                0x000000000000309c                __aeabi_fdiv
 .text          0x00000000000031d4       0xec /Applications/SimplicityStudio_v3/developer/toolchains/gnu_arm/4.8_2013q4/bin/../lib/gcc/arm-none-eabi/4.8.3/armv7-m/libgcc.a(_arm_cmpsf2.o)
                0x00000000000031d4                __gesf2
                0x00000000000031d4                __gtsf2
                0x00000000000031dc                __ltsf2
                0x00000000000031dc                __lesf2
                0x00000000000031e4                __nesf2
                0x00000000000031e4                __eqsf2
                0x00000000000031e4                __cmpsf2
                0x0000000000003244                __aeabi_cfrcmple
                0x000000000000324c                __aeabi_cfcmpeq
                0x000000000000324c                __aeabi_cfcmple
                0x000000000000325c                __aeabi_fcmpeq
                0x0000000000003270                __aeabi_fcmplt
                0x0000000000003284                __aeabi_fcmple
                0x0000000000003298                __aeabi_fcmpge
                0x00000000000032ac                __aeabi_fcmpgt
 .text          0x00000000000032c0       0x4c /Applications/SimplicityStudio_v3/developer/toolchains/gnu_arm/4.8_2013q4/bin/../lib/gcc/arm-none-eabi/4.8.3/armv7-m/libgcc.a(_arm_fixsfsi.o)
                0x00000000000032c0                __fixsfsi
                0x00000000000032c0                __aeabi_f2iz
 .text          0x000000000000330c       0x40 /Applications/SimplicityStudio_v3/developer/toolchains/gnu_arm/4.8_2013q4/bin/../lib/gcc/arm-none-eabi/4.8.3/armv7-m/libgcc.a(_arm_fixunssfsi.o)
                0x000000000000330c                __aeabi_f2uiz
                0x000000000000330c                __fixunssfsi
 .text          0x000000000000334c       0x38 /Applications/SimplicityStudio_v3/developer/toolchains/gnu_arm/4.8_2013q4/bin/../lib/gcc/arm-none-eabi/4.8.3/armv7-m/libgcc.a(_aeabi_ldivmod.o)
                0x000000000000334c                __aeabi_ldivmod
 .text          0x0000000000003384       0x60 /Applications/SimplicityStudio_v3/developer/toolchains/gnu_arm/4.8_2013q4/bin/../lib/gcc/arm-none-eabi/4.8.3/armv7-m/libgcc.a(bpabi.o)
                0x0000000000003384                __gnu_ldivmod_helper
                0x00000000000033b4                __gnu_uldivmod_helper
 .text          0x00000000000033e4        0x4 /Applications/SimplicityStudio_v3/developer/toolchains/gnu_arm/4.8_2013q4/bin/../lib/gcc/arm-none-eabi/4.8.3/armv7-m/libgcc.a(_dvmd_tls.o)
                0x00000000000033e4                __aeabi_ldiv0
                0x00000000000033e4                __aeabi_idiv0
 .text          0x00000000000033e8      0x2a0 /Applications/SimplicityStudio_v3/developer/toolchains/gnu_arm/4.8_2013q4/bin/../lib/gcc/arm-none-eabi/4.8.3/armv7-m/libgcc.a(_divdi3.o)
                0x00000000000033e8                __divdi3
 .text          0x0000000000003688      0x290 /Applications/SimplicityStudio_v3/developer/toolchains/gnu_arm/4.8_2013q4/bin/../lib/gcc/arm-none-eabi/4.8.3/armv7-m/libgcc.a(_udivdi3.o)
                0x0000000000003688                __udivdi3
 .text.exit     0x0000000000003918       0x28 /Applications/SimplicityStudio_v3/developer/toolchains/gnu_arm/4.8_2013q4/bin/../lib/gcc/arm-none-eabi/4.8.3/../../../../arm-none-eabi/lib/armv7-m/libc_s.a(lib_a-exit.o)
                0x0000000000003918                exit
 .text.__libc_init_array
                0x0000000000003940       0x4c /Applications/SimplicityStudio_v3/developer/toolchains/gnu_arm/4.8_2013q4/bin/../lib/gcc/arm-none-eabi/4.8.3/../../../../arm-none-eabi/lib/armv7-m/libc_s.a(lib_a-init.o)
                0x0000000000003940                __libc_init_array
 .text.malloc   0x000000000000398c       0x10 /Applications/SimplicityStudio_v3/developer/toolchains/gnu_arm/4.8_2013q4/bin/../lib/gcc/arm-none-eabi/4.8.3/../../../../arm-none-eabi/lib/armv7-m/libc_s.a(lib_a-malloc.o)
                0x000000000000398c                malloc
 .text.free     0x000000000000399c       0x10 /Applications/SimplicityStudio_v3/developer/toolchains/gnu_arm/4.8_2013q4/bin/../lib/gcc/arm-none-eabi/4.8.3/../../../../arm-none-eabi/lib/armv7-m/libc_s.a(lib_a-malloc.o)
                0x000000000000399c                free
 .text.memset   0x00000000000039ac       0x10 /Applications/SimplicityStudio_v3/developer/toolchains/gnu_arm/4.8_2013q4/bin/../lib/gcc/arm-none-eabi/4.8.3/../../../../arm-none-eabi/lib/armv7-m/libc_s.a(lib_a-memset.o)
                0x00000000000039ac                memset
 .text._free_r  0x00000000000039bc       0x88 /Applications/SimplicityStudio_v3/developer/toolchains/gnu_arm/4.8_2013q4/bin/../lib/gcc/arm-none-eabi/4.8.3/../../../../arm-none-eabi/lib/armv7-m/libc_s.a(lib_a-nano-freer.o)
                0x00000000000039bc                _free_r
 .text._malloc_r
                0x0000000000003a44       0xa8 /Applications/SimplicityStudio_v3/developer/toolchains/gnu_arm/4.8_2013q4/bin/../lib/gcc/arm-none-eabi/4.8.3/../../../../arm-none-eabi/lib/armv7-m/libc_s.a(lib_a-nano-mallocr.o)
                0x0000000000003a44                _malloc_r
 .text._sbrk_r  0x0000000000003aec       0x20 /Applications/SimplicityStudio_v3/developer/toolchains/gnu_arm/4.8_2013q4/bin/../lib/gcc/arm-none-eabi/4.8.3/../../../../arm-none-eabi/lib/armv7-m/libc_s.a(lib_a-sbrkr.o)
                0x0000000000003aec                _sbrk_r
 .text._sbrk    0x0000000000003b0c       0x34 /Applications/SimplicityStudio_v3/developer/toolchains/gnu_arm/4.8_2013q4/bin/../lib/gcc/arm-none-eabi/4.8.3/../../../../arm-none-eabi/lib/armv7-m/libnosys.a(sbrk.o)
                0x0000000000003b0c                _sbrk
 .text._exit    0x0000000000003b40        0x4 /Applications/SimplicityStudio_v3/developer/toolchains/gnu_arm/4.8_2013q4/bin/../lib/gcc/arm-none-eabi/4.8.3/../../../../arm-none-eabi/lib/armv7-m/libnosys.a(_exit.o)
                0x0000000000003b40                _exit
 *(.init)
 .init          0x0000000000003b44        0x4 /Applications/SimplicityStudio_v3/developer/toolchains/gnu_arm/4.8_2013q4/bin/../lib/gcc/arm-none-eabi/4.8.3/armv7-m/crti.o
                0x0000000000003b44                _init
 .init          0x0000000000003b48        0x8 /Applications/SimplicityStudio_v3/developer/toolchains/gnu_arm/4.8_2013q4/bin/../lib/gcc/arm-none-eabi/4.8.3/armv7-m/crtn.o
 *(.fini)
 .fini          0x0000000000003b50        0x4 /Applications/SimplicityStudio_v3/developer/toolchains/gnu_arm/4.8_2013q4/bin/../lib/gcc/arm-none-eabi/4.8.3/armv7-m/crti.o
                0x0000000000003b50                _fini
 .fini          0x0000000000003b54        0x8 /Applications/SimplicityStudio_v3/developer/toolchains/gnu_arm/4.8_2013q4/bin/../lib/gcc/arm-none-eabi/4.8.3/armv7-m/crtn.o
 *crtbegin.o(.ctors)
 *crtbegin?.o(.ctors)
 *(EXCLUDE_FILE(*crtend.o *crtend?.o) .ctors)
 *(SORT(.ctors.*))
 *(.ctors)
 *crtbegin.o(.dtors)
 *crtbegin?.o(.dtors)
 *(EXCLUDE_FILE(*crtend.o *crtend?.o) .dtors)
 *(SORT(.dtors.*))
 *(.dtors)
 *(.rodata*)
 .rodata        0x0000000000003b5c       0x10 ./src/i2c.o
 .rodata.gradients2D
                0x0000000000003b6c       0x10 ./src/noise.o
 .rodata        0x0000000000003b7c        0x2 ./src/si7021.o
 .rodata.i2cNSum
                0x0000000000003b7e        0x4 ./emlib/em_i2c.o
 .rodata.str1.1
                0x0000000000003b82        0x2 /Applications/SimplicityStudio_v3/developer/toolchains/gnu_arm/4.8_2013q4/bin/../lib/gcc/arm-none-eabi/4.8.3/../../../../arm-none-eabi/lib/armv7-m/libc_s.a(lib_a-impure.o)
 .rodata._global_impure_ptr
                0x0000000000003b84        0x4 /Applications/SimplicityStudio_v3/developer/toolchains/gnu_arm/4.8_2013q4/bin/../lib/gcc/arm-none-eabi/4.8.3/../../../../arm-none-eabi/lib/armv7-m/libc_s.a(lib_a-impure.o)
                0x0000000000003b84                _global_impure_ptr
 *(.eh_frame*)
 .eh_frame      0x0000000000003b88        0x0 /Applications/SimplicityStudio_v3/developer/toolchains/gnu_arm/4.8_2013q4/bin/../lib/gcc/arm-none-eabi/4.8.3/armv7-m/crtbegin.o
 .eh_frame      0x0000000000003b88        0x4 /Applications/SimplicityStudio_v3/developer/toolchains/gnu_arm/4.8_2013q4/bin/../lib/gcc/arm-none-eabi/4.8.3/armv7-m/crtend.o

.glue_7         0x0000000000003b8c        0x0
 .glue_7        0x0000000000000000        0x0 linker stubs

.glue_7t        0x0000000000003b8c        0x0
 .glue_7t       0x0000000000000000        0x0 linker stubs

.vfp11_veneer   0x0000000000003b8c        0x0
 .vfp11_veneer  0x0000000000000000        0x0 linker stubs

.v4_bx          0x0000000000003b8c        0x0
 .v4_bx         0x0000000000000000        0x0 linker stubs

.iplt           0x0000000000003b8c        0x0
 .iplt          0x0000000000000000        0x0 /Applications/SimplicityStudio_v3/developer/toolchains/gnu_arm/4.8_2013q4/bin/../lib/gcc/arm-none-eabi/4.8.3/armv7-m/crtbegin.o

.ARM.extab
 *(.ARM.extab* .gnu.linkonce.armextab.*)
                0x0000000000003b8c                __exidx_start = .

.ARM.exidx      0x0000000000003b8c        0x8
 *(.ARM.exidx* .gnu.linkonce.armexidx.*)
 .ARM.exidx     0x0000000000003b8c        0x8 /Applications/SimplicityStudio_v3/developer/toolchains/gnu_arm/4.8_2013q4/bin/../lib/gcc/arm-none-eabi/4.8.3/../../../../arm-none-eabi/lib/armv7-m/crt0.o
 .ARM.exidx     0x0000000000003b94        0x0 /Applications/SimplicityStudio_v3/developer/toolchains/gnu_arm/4.8_2013q4/bin/../lib/gcc/arm-none-eabi/4.8.3/armv7-m/libgcc.a(_divdi3.o)
                                          0x8 (size before relaxing)
 .ARM.exidx     0x0000000000003b94        0x0 /Applications/SimplicityStudio_v3/developer/toolchains/gnu_arm/4.8_2013q4/bin/../lib/gcc/arm-none-eabi/4.8.3/armv7-m/libgcc.a(_udivdi3.o)
                                          0x8 (size before relaxing)
                0x0000000000003b94                __exidx_end = .
                0x0000000000003b94                __etext = .

.rel.dyn        0x0000000000003b94        0x0
 .rel.iplt      0x0000000000000000        0x0 /Applications/SimplicityStudio_v3/developer/toolchains/gnu_arm/4.8_2013q4/bin/../lib/gcc/arm-none-eabi/4.8.3/armv7-m/crtbegin.o

.data           0x0000000020000000       0x7c load address 0x0000000000003b94
                0x0000000020000000                __data_start__ = .
 *(vtable)
 *(.data*)
 .data.SI7021_FIRMWARE_WRITE
                0x0000000020000000        0x2 ./src/si7021.o
                0x0000000020000000                SI7021_FIRMWARE_WRITE
 *fill*         0x0000000020000002        0x2 
 .data.SystemLFXOClock
                0x0000000020000004        0x4 ./CMSIS/efm32tg/system_efm32tg.o
 .data.SystemHFXOClock
                0x0000000020000008        0x4 ./CMSIS/efm32tg/system_efm32tg.o
 .data.impure_data
                0x000000002000000c       0x60 /Applications/SimplicityStudio_v3/developer/toolchains/gnu_arm/4.8_2013q4/bin/../lib/gcc/arm-none-eabi/4.8.3/../../../../arm-none-eabi/lib/armv7-m/libc_s.a(lib_a-impure.o)
 .data._impure_ptr
                0x000000002000006c        0x4 /Applications/SimplicityStudio_v3/developer/toolchains/gnu_arm/4.8_2013q4/bin/../lib/gcc/arm-none-eabi/4.8.3/../../../../arm-none-eabi/lib/armv7-m/libc_s.a(lib_a-impure.o)
                0x000000002000006c                _impure_ptr
                0x0000000020000070                . = ALIGN (0x4)
 *(.ram)
                0x0000000020000070                . = ALIGN (0x4)
                0x0000000020000070                PROVIDE (__preinit_array_start, .)
 *(.preinit_array)
                0x0000000020000070                PROVIDE (__preinit_array_end, .)
                0x0000000020000070                . = ALIGN (0x4)
                0x0000000020000070                PROVIDE (__init_array_start, .)
 *(SORT(.init_array.*))
 *(.init_array)
 .init_array    0x0000000020000070        0x4 /Applications/SimplicityStudio_v3/developer/toolchains/gnu_arm/4.8_2013q4/bin/../lib/gcc/arm-none-eabi/4.8.3/armv7-m/crtbegin.o
                0x0000000020000074                PROVIDE (__init_array_end, .)
                0x0000000020000074                . = ALIGN (0x4)
                0x0000000020000074                PROVIDE (__fini_array_start, .)
 *(SORT(.fini_array.*))
 *(.fini_array)
 .fini_array    0x0000000020000074        0x4 /Applications/SimplicityStudio_v3/developer/toolchains/gnu_arm/4.8_2013q4/bin/../lib/gcc/arm-none-eabi/4.8.3/armv7-m/crtbegin.o
                0x0000000020000078                PROVIDE (__fini_array_end, .)
 *(.jcr*)
 .jcr           0x0000000020000078        0x0 /Applications/SimplicityStudio_v3/developer/toolchains/gnu_arm/4.8_2013q4/bin/../lib/gcc/arm-none-eabi/4.8.3/armv7-m/crtbegin.o
 .jcr           0x0000000020000078        0x4 /Applications/SimplicityStudio_v3/developer/toolchains/gnu_arm/4.8_2013q4/bin/../lib/gcc/arm-none-eabi/4.8.3/armv7-m/crtend.o
                0x000000002000007c                . = ALIGN (0x4)
                0x000000002000007c                __data_end__ = .

.igot.plt       0x000000002000007c        0x0 load address 0x0000000000003c10
 .igot.plt      0x0000000000000000        0x0 /Applications/SimplicityStudio_v3/developer/toolchains/gnu_arm/4.8_2013q4/bin/../lib/gcc/arm-none-eabi/4.8.3/armv7-m/crtbegin.o

.bss            0x0000000020000080      0x190 load address 0x0000000000003c18
                0x0000000020000080                . = ALIGN (0x4)
                0x0000000020000080                __bss_start__ = .
 *(.bss*)
 .bss           0x0000000020000080       0x1c /Applications/SimplicityStudio_v3/developer/toolchains/gnu_arm/4.8_2013q4/bin/../lib/gcc/arm-none-eabi/4.8.3/armv7-m/crtbegin.o
 .bss.i2cTransfer
                0x000000002000009c        0xc ./emlib/em_i2c.o
 .bss.INT_LockCnt
                0x00000000200000a8        0x4 ./emlib/em_int.o
                0x00000000200000a8                INT_LockCnt
 .bss.gpioCallbacks
                0x00000000200000ac       0x40 ./emlib/gpiointerrupt.o
 .bss.rtcRunning
                0x00000000200000ec        0x1 ./Drivers/rtcdriver.o
 .bss.inTimerIRQ
                0x00000000200000ed        0x1 ./Drivers/rtcdriver.o
 *fill*         0x00000000200000ee        0x2 
 .bss.timer     0x00000000200000f0       0xa0 ./Drivers/rtcdriver.o
 .bss.lastStart
                0x0000000020000190        0x4 ./Drivers/rtcdriver.o
 .bss.__malloc_sbrk_start
                0x0000000020000194        0x4 /Applications/SimplicityStudio_v3/developer/toolchains/gnu_arm/4.8_2013q4/bin/../lib/gcc/arm-none-eabi/4.8.3/../../../../arm-none-eabi/lib/armv7-m/libc_s.a(lib_a-nano-mallocr.o)
                0x0000000020000194                __malloc_sbrk_start
 .bss.__malloc_free_list
                0x0000000020000198        0x4 /Applications/SimplicityStudio_v3/developer/toolchains/gnu_arm/4.8_2013q4/bin/../lib/gcc/arm-none-eabi/4.8.3/../../../../arm-none-eabi/lib/armv7-m/libc_s.a(lib_a-nano-mallocr.o)
                0x0000000020000198                __malloc_free_list
 .bss.heap_end.4237
                0x000000002000019c        0x4 /Applications/SimplicityStudio_v3/developer/toolchains/gnu_arm/4.8_2013q4/bin/../lib/gcc/arm-none-eabi/4.8.3/../../../../arm-none-eabi/lib/armv7-m/libnosys.a(sbrk.o)
 *(COMMON)
 COMMON         0x00000000200001a0        0x1 ./src/adp8866.o
                0x00000000200001a0                adp8866_isInitialized
 *fill*         0x00000000200001a1        0x7 
 COMMON         0x00000000200001a8       0x40 ./src/device_utils.o
                0x00000000200001a8                s100On
                0x00000000200001ac                stc3105_voltage
                0x00000000200001b0                switchElapsedTime
                0x00000000200001b4                stc3115_current
                0x00000000200001b8                switchOnOffDelay
                0x00000000200001bc                elapsedTimeTempSensor
                0x00000000200001c0                stc3105_current
                0x00000000200001c4                switchPressed
                0x00000000200001c8                msTicks
                0x00000000200001cc                switchTicks
                0x00000000200001d0                firmwareVersion
                0x00000000200001d4                stc3115_voltage
                0x00000000200001d8                currentColor
                0x00000000200001e0                noiseTimer
 COMMON         0x00000000200001e8       0x1c ./src/gpiosManager.o
                0x00000000200001e8                mpu9250_gres
                0x00000000200001ec                mpu9250_magXcoef
                0x00000000200001f0                noise_ctx
                0x00000000200001f4                mpu9250_magYcoef
                0x00000000200001f8                mpu9250_magZcoef
                0x00000000200001fc                mpu9250_ares
                0x0000000020000200                mpu9250_mres
 COMMON         0x0000000020000204        0x1 ./src/i2c.o
                0x0000000020000204                si7021_coolingDown
 *fill*         0x0000000020000205        0x3 
 COMMON         0x0000000020000208        0x4 ./CMSIS/efm32tg/system_efm32tg.o
                0x0000000020000208                SystemCoreClock
 COMMON         0x000000002000020c        0x4 /Applications/SimplicityStudio_v3/developer/toolchains/gnu_arm/4.8_2013q4/bin/../lib/gcc/arm-none-eabi/4.8.3/../../../../arm-none-eabi/lib/armv7-m/libc_s.a(lib_a-reent.o)
                0x000000002000020c                errno
                0x0000000020000210                . = ALIGN (0x4)
                0x0000000020000210                __bss_end__ = .

.heap           0x0000000020000210        0x0
                0x0000000020000210                __HeapBase = .
                0x0000000020000210                __end__ = .
                0x0000000020000210                end = __end__
                0x0000000020000210                _end = __end__
 *(.heap*)
 .heap          0x0000000020000210        0x0 ./CMSIS/efm32tg/startup_efm32tg.o
                0x0000000020000210                __HeapLimit = .

.stack_dummy    0x0000000020000210      0x400
 *(.stack*)
 .stack         0x0000000020000210      0x400 ./CMSIS/efm32tg/startup_efm32tg.o
                0x0000000020001000                __StackTop = (ORIGIN (RAM) + 0x1000)
                0x0000000020000c00                __StackLimit = (__StackTop - SIZEOF (.stack_dummy))
                0x0000000020001000                PROVIDE (__stack, __StackTop)
                0x0000000000000001                ASSERT ((__StackLimit >= __HeapLimit), region RAM overflowed with stack)
                0x0000000000000001                ASSERT ((0x8000 >= (__etext + SIZEOF (.data))), FLASH memory overflowed !)
OUTPUT(WirelessChargerEK.axf elf32-littlearm)

.ARM.attributes
                0x0000000000000000       0x29
 .ARM.attributes
                0x0000000000000000       0x1d /Applications/SimplicityStudio_v3/developer/toolchains/gnu_arm/4.8_2013q4/bin/../lib/gcc/arm-none-eabi/4.8.3/armv7-m/crti.o
 .ARM.attributes
                0x000000000000001d       0x2d /Applications/SimplicityStudio_v3/developer/toolchains/gnu_arm/4.8_2013q4/bin/../lib/gcc/arm-none-eabi/4.8.3/armv7-m/crtbegin.o
 .ARM.attributes
                0x000000000000004a       0x1b /Applications/SimplicityStudio_v3/developer/toolchains/gnu_arm/4.8_2013q4/bin/../lib/gcc/arm-none-eabi/4.8.3/../../../../arm-none-eabi/lib/armv7-m/crt0.o
 .ARM.attributes
                0x0000000000000065       0x33 ./src/adp8866.o
 .ARM.attributes
                0x0000000000000098       0x33 ./src/device_utils.o
 .ARM.attributes
                0x00000000000000cb       0x33 ./src/gpiosManager.o
 .ARM.attributes
                0x00000000000000fe       0x33 ./src/i2c.o
 .ARM.attributes
                0x0000000000000131       0x33 ./src/main.o
 .ARM.attributes
                0x0000000000000164       0x33 ./src/mpu9250.o
 .ARM.attributes
                0x0000000000000197       0x33 ./src/noise.o
 .ARM.attributes
                0x00000000000001ca       0x33 ./src/si7021.o
 .ARM.attributes
                0x00000000000001fd       0x33 ./src/stc3105.o
 .ARM.attributes
                0x0000000000000230       0x33 ./src/stc3115.o
 .ARM.attributes
                0x0000000000000263       0x33 ./src/time_utils.o
 .ARM.attributes
                0x0000000000000296       0x33 ./emlib/em_cmu.o
 .ARM.attributes
                0x00000000000002c9       0x33 ./emlib/em_gpio.o
 .ARM.attributes
                0x00000000000002fc       0x33 ./emlib/em_i2c.o
 .ARM.attributes
                0x000000000000032f       0x33 ./emlib/em_int.o
 .ARM.attributes
                0x0000000000000362       0x33 ./emlib/em_rtc.o
 .ARM.attributes
                0x0000000000000395       0x33 ./emlib/em_timer.o
 .ARM.attributes
                0x00000000000003c8       0x33 ./emlib/gpiointerrupt.o
 .ARM.attributes
                0x00000000000003fb       0x33 ./Drivers/rtcdriver.o
 .ARM.attributes
                0x000000000000042e       0x1b ./CMSIS/efm32tg/startup_efm32tg.o
 .ARM.attributes
                0x0000000000000449       0x33 ./CMSIS/efm32tg/system_efm32tg.o
 .ARM.attributes
                0x000000000000047c       0x1d /Applications/SimplicityStudio_v3/developer/toolchains/gnu_arm/4.8_2013q4/bin/../lib/gcc/arm-none-eabi/4.8.3/armv7-m/libgcc.a(_arm_addsubdf3.o)
 .ARM.attributes
                0x0000000000000499       0x1d /Applications/SimplicityStudio_v3/developer/toolchains/gnu_arm/4.8_2013q4/bin/../lib/gcc/arm-none-eabi/4.8.3/armv7-m/libgcc.a(_arm_muldivdf3.o)
 .ARM.attributes
                0x00000000000004b6       0x1d /Applications/SimplicityStudio_v3/developer/toolchains/gnu_arm/4.8_2013q4/bin/../lib/gcc/arm-none-eabi/4.8.3/armv7-m/libgcc.a(_arm_cmpdf2.o)
 .ARM.attributes
                0x00000000000004d3       0x1d /Applications/SimplicityStudio_v3/developer/toolchains/gnu_arm/4.8_2013q4/bin/../lib/gcc/arm-none-eabi/4.8.3/armv7-m/libgcc.a(_arm_fixdfsi.o)
 .ARM.attributes
                0x00000000000004f0       0x1d /Applications/SimplicityStudio_v3/developer/toolchains/gnu_arm/4.8_2013q4/bin/../lib/gcc/arm-none-eabi/4.8.3/armv7-m/libgcc.a(_arm_truncdfsf2.o)
 .ARM.attributes
                0x000000000000050d       0x1d /Applications/SimplicityStudio_v3/developer/toolchains/gnu_arm/4.8_2013q4/bin/../lib/gcc/arm-none-eabi/4.8.3/armv7-m/libgcc.a(_arm_addsubsf3.o)
 .ARM.attributes
                0x000000000000052a       0x1d /Applications/SimplicityStudio_v3/developer/toolchains/gnu_arm/4.8_2013q4/bin/../lib/gcc/arm-none-eabi/4.8.3/armv7-m/libgcc.a(_arm_muldivsf3.o)
 .ARM.attributes
                0x0000000000000547       0x1d /Applications/SimplicityStudio_v3/developer/toolchains/gnu_arm/4.8_2013q4/bin/../lib/gcc/arm-none-eabi/4.8.3/armv7-m/libgcc.a(_arm_cmpsf2.o)
 .ARM.attributes
                0x0000000000000564       0x1d /Applications/SimplicityStudio_v3/developer/toolchains/gnu_arm/4.8_2013q4/bin/../lib/gcc/arm-none-eabi/4.8.3/armv7-m/libgcc.a(_arm_fixsfsi.o)
 .ARM.attributes
                0x0000000000000581       0x1d /Applications/SimplicityStudio_v3/developer/toolchains/gnu_arm/4.8_2013q4/bin/../lib/gcc/arm-none-eabi/4.8.3/armv7-m/libgcc.a(_arm_fixunssfsi.o)
 .ARM.attributes
                0x000000000000059e       0x1d /Applications/SimplicityStudio_v3/developer/toolchains/gnu_arm/4.8_2013q4/bin/../lib/gcc/arm-none-eabi/4.8.3/armv7-m/libgcc.a(_aeabi_ldivmod.o)
 .ARM.attributes
                0x00000000000005bb       0x2d /Applications/SimplicityStudio_v3/developer/toolchains/gnu_arm/4.8_2013q4/bin/../lib/gcc/arm-none-eabi/4.8.3/armv7-m/libgcc.a(bpabi.o)
 .ARM.attributes
                0x00000000000005e8       0x1d /Applications/SimplicityStudio_v3/developer/toolchains/gnu_arm/4.8_2013q4/bin/../lib/gcc/arm-none-eabi/4.8.3/armv7-m/libgcc.a(_dvmd_tls.o)
 .ARM.attributes
                0x0000000000000605       0x2d /Applications/SimplicityStudio_v3/developer/toolchains/gnu_arm/4.8_2013q4/bin/../lib/gcc/arm-none-eabi/4.8.3/armv7-m/libgcc.a(_divdi3.o)
 .ARM.attributes
                0x0000000000000632       0x2d /Applications/SimplicityStudio_v3/developer/toolchains/gnu_arm/4.8_2013q4/bin/../lib/gcc/arm-none-eabi/4.8.3/armv7-m/libgcc.a(_udivdi3.o)
 .ARM.attributes
                0x000000000000065f       0x2d /Applications/SimplicityStudio_v3/developer/toolchains/gnu_arm/4.8_2013q4/bin/../lib/gcc/arm-none-eabi/4.8.3/../../../../arm-none-eabi/lib/armv7-m/libc_s.a(lib_a-exit.o)
 .ARM.attributes
                0x000000000000068c       0x2d /Applications/SimplicityStudio_v3/developer/toolchains/gnu_arm/4.8_2013q4/bin/../lib/gcc/arm-none-eabi/4.8.3/../../../../arm-none-eabi/lib/armv7-m/libc_s.a(lib_a-impure.o)
 .ARM.attributes
                0x00000000000006b9       0x2d /Applications/SimplicityStudio_v3/developer/toolchains/gnu_arm/4.8_2013q4/bin/../lib/gcc/arm-none-eabi/4.8.3/../../../../arm-none-eabi/lib/armv7-m/libc_s.a(lib_a-init.o)
 .ARM.attributes
                0x00000000000006e6       0x2d /Applications/SimplicityStudio_v3/developer/toolchains/gnu_arm/4.8_2013q4/bin/../lib/gcc/arm-none-eabi/4.8.3/../../../../arm-none-eabi/lib/armv7-m/libc_s.a(lib_a-malloc.o)
 .ARM.attributes
                0x0000000000000713       0x2d /Applications/SimplicityStudio_v3/developer/toolchains/gnu_arm/4.8_2013q4/bin/../lib/gcc/arm-none-eabi/4.8.3/../../../../arm-none-eabi/lib/armv7-m/libc_s.a(lib_a-memset.o)
 .ARM.attributes
                0x0000000000000740       0x2d /Applications/SimplicityStudio_v3/developer/toolchains/gnu_arm/4.8_2013q4/bin/../lib/gcc/arm-none-eabi/4.8.3/../../../../arm-none-eabi/lib/armv7-m/libc_s.a(lib_a-nano-freer.o)
 .ARM.attributes
                0x000000000000076d       0x2d /Applications/SimplicityStudio_v3/developer/toolchains/gnu_arm/4.8_2013q4/bin/../lib/gcc/arm-none-eabi/4.8.3/../../../../arm-none-eabi/lib/armv7-m/libc_s.a(lib_a-nano-mallocr.o)
 .ARM.attributes
                0x000000000000079a       0x2d /Applications/SimplicityStudio_v3/developer/toolchains/gnu_arm/4.8_2013q4/bin/../lib/gcc/arm-none-eabi/4.8.3/../../../../arm-none-eabi/lib/armv7-m/libc_s.a(lib_a-sbrkr.o)
 .ARM.attributes
                0x00000000000007c7       0x2d /Applications/SimplicityStudio_v3/developer/toolchains/gnu_arm/4.8_2013q4/bin/../lib/gcc/arm-none-eabi/4.8.3/../../../../arm-none-eabi/lib/armv7-m/libc_s.a(lib_a-reent.o)
 .ARM.attributes
                0x00000000000007f4       0x2d /Applications/SimplicityStudio_v3/developer/toolchains/gnu_arm/4.8_2013q4/bin/../lib/gcc/arm-none-eabi/4.8.3/../../../../arm-none-eabi/lib/armv7-m/libnosys.a(sbrk.o)
 .ARM.attributes
                0x0000000000000821       0x2d /Applications/SimplicityStudio_v3/developer/toolchains/gnu_arm/4.8_2013q4/bin/../lib/gcc/arm-none-eabi/4.8.3/../../../../arm-none-eabi/lib/armv7-m/libnosys.a(_exit.o)
 .ARM.attributes
                0x000000000000084e       0x2d /Applications/SimplicityStudio_v3/developer/toolchains/gnu_arm/4.8_2013q4/bin/../lib/gcc/arm-none-eabi/4.8.3/armv7-m/crtend.o
 .ARM.attributes
                0x000000000000087b       0x1d /Applications/SimplicityStudio_v3/developer/toolchains/gnu_arm/4.8_2013q4/bin/../lib/gcc/arm-none-eabi/4.8.3/armv7-m/crtn.o

.comment        0x0000000000000000       0x70
 .comment       0x0000000000000000       0x70 ./src/adp8866.o
                                         0x71 (size before relaxing)
 .comment       0x0000000000000000       0x71 ./src/device_utils.o
 .comment       0x0000000000000000       0x71 ./src/gpiosManager.o
 .comment       0x0000000000000000       0x71 ./src/i2c.o
 .comment       0x0000000000000000       0x71 ./src/main.o
 .comment       0x0000000000000000       0x71 ./src/mpu9250.o
 .comment       0x0000000000000000       0x71 ./src/noise.o
 .comment       0x0000000000000000       0x71 ./src/si7021.o
 .comment       0x0000000000000000       0x71 ./src/stc3105.o
 .comment       0x0000000000000000       0x71 ./src/stc3115.o
 .comment       0x0000000000000000       0x71 ./src/time_utils.o
 .comment       0x0000000000000000       0x71 ./emlib/em_cmu.o
 .comment       0x0000000000000000       0x71 ./emlib/em_gpio.o
 .comment       0x0000000000000000       0x71 ./emlib/em_i2c.o
 .comment       0x0000000000000000       0x71 ./emlib/em_int.o
 .comment       0x0000000000000000       0x71 ./emlib/em_rtc.o
 .comment       0x0000000000000000       0x71 ./emlib/em_timer.o
 .comment       0x0000000000000000       0x71 ./emlib/gpiointerrupt.o
 .comment       0x0000000000000000       0x71 ./Drivers/rtcdriver.o
 .comment       0x0000000000000000       0x71 ./CMSIS/efm32tg/system_efm32tg.o

.debug_info     0x0000000000000000     0xd805
 .debug_info    0x0000000000000000     0x146f ./src/adp8866.o
 .debug_info    0x000000000000146f      0xa52 ./src/device_utils.o
 .debug_info    0x0000000000001ec1      0xf91 ./src/gpiosManager.o
 .debug_info    0x0000000000002e52      0xbe7 ./src/i2c.o
 .debug_info    0x0000000000003a39      0x4ca ./src/main.o
 .debug_info    0x0000000000003f03      0x4c7 ./src/mpu9250.o
 .debug_info    0x00000000000043ca     0x263a ./src/noise.o
 .debug_info    0x0000000000006a04      0x323 ./src/si7021.o
 .debug_info    0x0000000000006d27      0x461 ./src/stc3105.o
 .debug_info    0x0000000000007188      0x4ac ./src/stc3115.o
 .debug_info    0x0000000000007634      0xfec ./src/time_utils.o
 .debug_info    0x0000000000008620     0x1561 ./emlib/em_cmu.o
 .debug_info    0x0000000000009b81      0x7b6 ./emlib/em_gpio.o
 .debug_info    0x000000000000a337      0x911 ./emlib/em_i2c.o
 .debug_info    0x000000000000ac48       0xa2 ./emlib/em_int.o
 .debug_info    0x000000000000acea      0x3f5 ./emlib/em_rtc.o
 .debug_info    0x000000000000b0df      0x609 ./emlib/em_timer.o
 .debug_info    0x000000000000b6e8      0x865 ./emlib/gpiointerrupt.o
 .debug_info    0x000000000000bf4d     0x1216 ./Drivers/rtcdriver.o
 .debug_info    0x000000000000d163      0x11d ./CMSIS/efm32tg/startup_efm32tg.o
 .debug_info    0x000000000000d280      0x585 ./CMSIS/efm32tg/system_efm32tg.o

.debug_abbrev   0x0000000000000000     0x3257
 .debug_abbrev  0x0000000000000000      0x390 ./src/adp8866.o
 .debug_abbrev  0x0000000000000390      0x386 ./src/device_utils.o
 .debug_abbrev  0x0000000000000716      0x35d ./src/gpiosManager.o
 .debug_abbrev  0x0000000000000a73      0x2b8 ./src/i2c.o
 .debug_abbrev  0x0000000000000d2b      0x19c ./src/main.o
 .debug_abbrev  0x0000000000000ec7      0x1de ./src/mpu9250.o
 .debug_abbrev  0x00000000000010a5      0x2ec ./src/noise.o
 .debug_abbrev  0x0000000000001391      0x1a3 ./src/si7021.o
 .debug_abbrev  0x0000000000001534      0x1ad ./src/stc3105.o
 .debug_abbrev  0x00000000000016e1      0x1ad ./src/stc3115.o
 .debug_abbrev  0x000000000000188e      0x37d ./src/time_utils.o
 .debug_abbrev  0x0000000000001c0b      0x3ce ./emlib/em_cmu.o
 .debug_abbrev  0x0000000000001fd9      0x2aa ./emlib/em_gpio.o
 .debug_abbrev  0x0000000000002283      0x356 ./emlib/em_i2c.o
 .debug_abbrev  0x00000000000025d9       0x5a ./emlib/em_int.o
 .debug_abbrev  0x0000000000002633      0x205 ./emlib/em_rtc.o
 .debug_abbrev  0x0000000000002838      0x15a ./emlib/em_timer.o
 .debug_abbrev  0x0000000000002992      0x2af ./emlib/gpiointerrupt.o
 .debug_abbrev  0x0000000000002c41      0x44b ./Drivers/rtcdriver.o
 .debug_abbrev  0x000000000000308c       0x14 ./CMSIS/efm32tg/startup_efm32tg.o
 .debug_abbrev  0x00000000000030a0      0x1b7 ./CMSIS/efm32tg/system_efm32tg.o

.debug_loc      0x0000000000000000     0xe819
 .debug_loc     0x0000000000000000     0x14e8 ./src/adp8866.o
 .debug_loc     0x00000000000014e8       0xdc ./src/device_utils.o
 .debug_loc     0x00000000000015c4      0x233 ./src/gpiosManager.o
 .debug_loc     0x00000000000017f7      0x47e ./src/i2c.o
 .debug_loc     0x0000000000001c75       0x40 ./src/main.o
 .debug_loc     0x0000000000001cb5      0x1f7 ./src/mpu9250.o
 .debug_loc     0x0000000000001eac     0x9373 ./src/noise.o
 .debug_loc     0x000000000000b21f      0x19d ./src/si7021.o
 .debug_loc     0x000000000000b3bc      0x25d ./src/stc3105.o
 .debug_loc     0x000000000000b619      0x27d ./src/stc3115.o
 .debug_loc     0x000000000000b896      0x12f ./src/time_utils.o
 .debug_loc     0x000000000000b9c5     0x164f ./emlib/em_cmu.o
 .debug_loc     0x000000000000d014      0x45b ./emlib/em_gpio.o
 .debug_loc     0x000000000000d46f      0x6e9 ./emlib/em_i2c.o
 .debug_loc     0x000000000000db58       0x7c ./emlib/em_rtc.o
 .debug_loc     0x000000000000dbd4       0xe8 ./emlib/em_timer.o
 .debug_loc     0x000000000000dcbc       0xd6 ./emlib/gpiointerrupt.o
 .debug_loc     0x000000000000dd92      0x9c5 ./Drivers/rtcdriver.o
 .debug_loc     0x000000000000e757       0xc2 ./CMSIS/efm32tg/system_efm32tg.o

.debug_aranges  0x0000000000000000      0x830
 .debug_aranges
                0x0000000000000000      0x160 ./src/adp8866.o
 .debug_aranges
                0x0000000000000160       0x58 ./src/device_utils.o
 .debug_aranges
                0x00000000000001b8       0x40 ./src/gpiosManager.o
 .debug_aranges
                0x00000000000001f8       0x50 ./src/i2c.o
 .debug_aranges
                0x0000000000000248       0x28 ./src/main.o
 .debug_aranges
                0x0000000000000270       0x68 ./src/mpu9250.o
 .debug_aranges
                0x00000000000002d8       0x90 ./src/noise.o
 .debug_aranges
                0x0000000000000368       0x48 ./src/si7021.o
 .debug_aranges
                0x00000000000003b0       0x48 ./src/stc3105.o
 .debug_aranges
                0x00000000000003f8       0x50 ./src/stc3115.o
 .debug_aranges
                0x0000000000000448       0x60 ./src/time_utils.o
 .debug_aranges
                0x00000000000004a8       0xf8 ./emlib/em_cmu.o
 .debug_aranges
                0x00000000000005a0       0x48 ./emlib/em_gpio.o
 .debug_aranges
                0x00000000000005e8       0x50 ./emlib/em_i2c.o
 .debug_aranges
                0x0000000000000638       0x18 ./emlib/em_int.o
 .debug_aranges
                0x0000000000000650       0x50 ./emlib/em_rtc.o
 .debug_aranges
                0x00000000000006a0       0x30 ./emlib/em_timer.o
 .debug_aranges
                0x00000000000006d0       0x40 ./emlib/gpiointerrupt.o
 .debug_aranges
                0x0000000000000710       0x98 ./Drivers/rtcdriver.o
 .debug_aranges
                0x00000000000007a8       0x20 ./CMSIS/efm32tg/startup_efm32tg.o
 .debug_aranges
                0x00000000000007c8       0x68 ./CMSIS/efm32tg/system_efm32tg.o

.debug_ranges   0x0000000000000000      0xb60
 .debug_ranges  0x0000000000000000      0x2a8 ./src/adp8866.o
 .debug_ranges  0x00000000000002a8       0x48 ./src/device_utils.o
 .debug_ranges  0x00000000000002f0       0x78 ./src/gpiosManager.o
 .debug_ranges  0x0000000000000368       0x40 ./src/i2c.o
 .debug_ranges  0x00000000000003a8       0x18 ./src/main.o
 .debug_ranges  0x00000000000003c0       0x58 ./src/mpu9250.o
 .debug_ranges  0x0000000000000418       0x80 ./src/noise.o
 .debug_ranges  0x0000000000000498       0x38 ./src/si7021.o
 .debug_ranges  0x00000000000004d0       0x38 ./src/stc3105.o
 .debug_ranges  0x0000000000000508       0x40 ./src/stc3115.o
 .debug_ranges  0x0000000000000548       0xb8 ./src/time_utils.o
 .debug_ranges  0x0000000000000600      0x1d8 ./emlib/em_cmu.o
 .debug_ranges  0x00000000000007d8       0x80 ./emlib/em_gpio.o
 .debug_ranges  0x0000000000000858       0x60 ./emlib/em_i2c.o
 .debug_ranges  0x00000000000008b8       0x40 ./emlib/em_rtc.o
 .debug_ranges  0x00000000000008f8       0x20 ./emlib/em_timer.o
 .debug_ranges  0x0000000000000918       0x60 ./emlib/gpiointerrupt.o
 .debug_ranges  0x0000000000000978      0x160 ./Drivers/rtcdriver.o
 .debug_ranges  0x0000000000000ad8       0x88 ./CMSIS/efm32tg/system_efm32tg.o

.debug_line     0x0000000000000000     0x5460
 .debug_line    0x0000000000000000      0x66b ./src/adp8866.o
 .debug_line    0x000000000000066b      0x3a2 ./src/device_utils.o
 .debug_line    0x0000000000000a0d      0x43c ./src/gpiosManager.o
 .debug_line    0x0000000000000e49      0x3e3 ./src/i2c.o
 .debug_line    0x000000000000122c      0x268 ./src/main.o
 .debug_line    0x0000000000001494      0x285 ./src/mpu9250.o
 .debug_line    0x0000000000001719      0xff4 ./src/noise.o
 .debug_line    0x000000000000270d      0x226 ./src/si7021.o
 .debug_line    0x0000000000002933      0x209 ./src/stc3105.o
 .debug_line    0x0000000000002b3c      0x222 ./src/stc3115.o
 .debug_line    0x0000000000002d5e      0x411 ./src/time_utils.o
 .debug_line    0x000000000000316f      0x7de ./emlib/em_cmu.o
 .debug_line    0x000000000000394d      0x2fe ./emlib/em_gpio.o
 .debug_line    0x0000000000003c4b      0x39c ./emlib/em_i2c.o
 .debug_line    0x0000000000003fe7      0x12f ./emlib/em_int.o
 .debug_line    0x0000000000004116      0x29b ./emlib/em_rtc.o
 .debug_line    0x00000000000043b1      0x27f ./emlib/em_timer.o
 .debug_line    0x0000000000004630      0x383 ./emlib/gpiointerrupt.o
 .debug_line    0x00000000000049b3      0x729 ./Drivers/rtcdriver.o
 .debug_line    0x00000000000050dc       0xbd ./CMSIS/efm32tg/startup_efm32tg.o
 .debug_line    0x0000000000005199      0x2c7 ./CMSIS/efm32tg/system_efm32tg.o

.debug_str      0x0000000000000000     0x3159
 .debug_str     0x0000000000000000      0x668 ./src/adp8866.o
                                        0x6bc (size before relaxing)
 .debug_str     0x0000000000000668      0x4eb ./src/device_utils.o
                                        0x769 (size before relaxing)
 .debug_str     0x0000000000000b53      0x338 ./src/gpiosManager.o
                                        0x98b (size before relaxing)
 .debug_str     0x0000000000000e8b      0x269 ./src/i2c.o
                                        0x8dd (size before relaxing)
 .debug_str     0x00000000000010f4       0x3e ./src/main.o
                                        0x5bd (size before relaxing)
 .debug_str     0x0000000000001132       0xa8 ./src/mpu9250.o
                                        0x38c (size before relaxing)
 .debug_str     0x00000000000011da      0x378 ./src/noise.o
                                        0x5d2 (size before relaxing)
 .debug_str     0x0000000000001552       0xae ./src/si7021.o
                                        0x382 (size before relaxing)
 .debug_str     0x0000000000001600       0x82 ./src/stc3105.o
                                        0x3bc (size before relaxing)
 .debug_str     0x0000000000001682       0x6b ./src/stc3115.o
                                        0x3d3 (size before relaxing)
 .debug_str     0x00000000000016ed      0x66a ./src/time_utils.o
                                        0xb89 (size before relaxing)
 .debug_str     0x0000000000001d57      0x7ac ./emlib/em_cmu.o
                                        0xbb8 (size before relaxing)
 .debug_str     0x0000000000002503      0x14f ./emlib/em_gpio.o
                                        0x5d5 (size before relaxing)
 .debug_str     0x0000000000002652      0x1e1 ./emlib/em_i2c.o
                                        0x73c (size before relaxing)
 .debug_str     0x0000000000002833       0x59 ./emlib/em_int.o
                                        0x1d5 (size before relaxing)
 .debug_str     0x000000000000288c       0xb8 ./emlib/em_rtc.o
                                        0x2bb (size before relaxing)
 .debug_str     0x0000000000002944      0x2d1 ./emlib/em_timer.o
                                        0x6ff (size before relaxing)
 .debug_str     0x0000000000002c15      0x14f ./emlib/gpiointerrupt.o
                                        0x5f5 (size before relaxing)
 .debug_str     0x0000000000002d64      0x314 ./Drivers/rtcdriver.o
                                        0xadb (size before relaxing)
 .debug_str     0x0000000000003078       0xe1 ./CMSIS/efm32tg/system_efm32tg.o
                                        0x494 (size before relaxing)

.debug_frame    0x0000000000000000     0x15a0
 .debug_frame   0x0000000000000000      0x418 ./src/adp8866.o
 .debug_frame   0x0000000000000418       0xac ./src/device_utils.o
 .debug_frame   0x00000000000004c4       0x98 ./src/gpiosManager.o
 .debug_frame   0x000000000000055c       0xe4 ./src/i2c.o
 .debug_frame   0x0000000000000640       0x40 ./src/main.o
 .debug_frame   0x0000000000000680       0xd4 ./src/mpu9250.o
 .debug_frame   0x0000000000000754      0x1fc ./src/noise.o
 .debug_frame   0x0000000000000950       0xa8 ./src/si7021.o
 .debug_frame   0x00000000000009f8       0xa0 ./src/stc3105.o
 .debug_frame   0x0000000000000a98       0xc4 ./src/stc3115.o
 .debug_frame   0x0000000000000b5c       0xc0 ./src/time_utils.o
 .debug_frame   0x0000000000000c1c      0x228 ./emlib/em_cmu.o
 .debug_frame   0x0000000000000e44       0x8c ./emlib/em_gpio.o
 .debug_frame   0x0000000000000ed0       0xb0 ./emlib/em_i2c.o
 .debug_frame   0x0000000000000f80       0x80 ./emlib/em_rtc.o
 .debug_frame   0x0000000000001000       0x50 ./emlib/em_timer.o
 .debug_frame   0x0000000000001050       0x68 ./emlib/gpiointerrupt.o
 .debug_frame   0x00000000000010b8      0x1c0 ./Drivers/rtcdriver.o
 .debug_frame   0x0000000000001278       0xb8 ./CMSIS/efm32tg/system_efm32tg.o
 .debug_frame   0x0000000000001330       0x58 /Applications/SimplicityStudio_v3/developer/toolchains/gnu_arm/4.8_2013q4/bin/../lib/gcc/arm-none-eabi/4.8.3/armv7-m/libgcc.a(bpabi.o)
 .debug_frame   0x0000000000001388       0x34 /Applications/SimplicityStudio_v3/developer/toolchains/gnu_arm/4.8_2013q4/bin/../lib/gcc/arm-none-eabi/4.8.3/armv7-m/libgcc.a(_divdi3.o)
 .debug_frame   0x00000000000013bc       0x34 /Applications/SimplicityStudio_v3/developer/toolchains/gnu_arm/4.8_2013q4/bin/../lib/gcc/arm-none-eabi/4.8.3/armv7-m/libgcc.a(_udivdi3.o)
 .debug_frame   0x00000000000013f0       0x28 /Applications/SimplicityStudio_v3/developer/toolchains/gnu_arm/4.8_2013q4/bin/../lib/gcc/arm-none-eabi/4.8.3/../../../../arm-none-eabi/lib/armv7-m/libc_s.a(lib_a-exit.o)
 .debug_frame   0x0000000000001418       0x2c /Applications/SimplicityStudio_v3/developer/toolchains/gnu_arm/4.8_2013q4/bin/../lib/gcc/arm-none-eabi/4.8.3/../../../../arm-none-eabi/lib/armv7-m/libc_s.a(lib_a-init.o)
 .debug_frame   0x0000000000001444       0x30 /Applications/SimplicityStudio_v3/developer/toolchains/gnu_arm/4.8_2013q4/bin/../lib/gcc/arm-none-eabi/4.8.3/../../../../arm-none-eabi/lib/armv7-m/libc_s.a(lib_a-malloc.o)
 .debug_frame   0x0000000000001474       0x20 /Applications/SimplicityStudio_v3/developer/toolchains/gnu_arm/4.8_2013q4/bin/../lib/gcc/arm-none-eabi/4.8.3/../../../../arm-none-eabi/lib/armv7-m/libc_s.a(lib_a-memset.o)
 .debug_frame   0x0000000000001494       0x2c /Applications/SimplicityStudio_v3/developer/toolchains/gnu_arm/4.8_2013q4/bin/../lib/gcc/arm-none-eabi/4.8.3/../../../../arm-none-eabi/lib/armv7-m/libc_s.a(lib_a-nano-freer.o)
 .debug_frame   0x00000000000014c0       0x2c /Applications/SimplicityStudio_v3/developer/toolchains/gnu_arm/4.8_2013q4/bin/../lib/gcc/arm-none-eabi/4.8.3/../../../../arm-none-eabi/lib/armv7-m/libc_s.a(lib_a-nano-mallocr.o)
 .debug_frame   0x00000000000014ec       0x2c /Applications/SimplicityStudio_v3/developer/toolchains/gnu_arm/4.8_2013q4/bin/../lib/gcc/arm-none-eabi/4.8.3/../../../../arm-none-eabi/lib/armv7-m/libc_s.a(lib_a-sbrkr.o)
 .debug_frame   0x0000000000001518       0x48 /Applications/SimplicityStudio_v3/developer/toolchains/gnu_arm/4.8_2013q4/bin/../lib/gcc/arm-none-eabi/4.8.3/../../../../arm-none-eabi/lib/armv7-m/libc_s.a(lib_a-reent.o)
 .debug_frame   0x0000000000001560       0x20 /Applications/SimplicityStudio_v3/developer/toolchains/gnu_arm/4.8_2013q4/bin/../lib/gcc/arm-none-eabi/4.8.3/../../../../arm-none-eabi/lib/armv7-m/libnosys.a(sbrk.o)
 .debug_frame   0x0000000000001580       0x20 /Applications/SimplicityStudio_v3/developer/toolchains/gnu_arm/4.8_2013q4/bin/../lib/gcc/arm-none-eabi/4.8.3/../../../../arm-none-eabi/lib/armv7-m/libnosys.a(_exit.o)
